// Vitest Snapshot v1, https://vitest.dev/guide/snapshot.html

exports[`matrix row renders leader badges and duplicate highlighting 1`] = `
<tbody>
  <tr
    class="border-b border-slate-200/60 dark:border-slate-800/60 ease-ios transition-all duration-200 backdrop-blur-md hover:bg-primary/15 dark:hover:bg-primary/10 bg-white/55 dark:bg-slate-900/45"
  >
    <th
      class="sticky left-0 z-20 min-w-[240px] bg-white/92 dark:bg-slate-950/92 backdrop-blur-3xl backdrop-saturate-150 px-6 py-4 text-left shadow-[8px_0_28px_-12px_rgba(15,23,42,0.22)] dark:shadow-[8px_0_28px_-12px_rgba(0,0,0,0.5)] transition-all duration-300"
      scope="row"
    >
      <div
        class="flex items-baseline justify-between gap-4"
      >
        <div>
          <div
            class="text-sm font-bold text-foreground"
          >
            Nguyễn Văn A
          </div>
          <div
            class="flex items-center gap-2 text-xs text-muted-foreground/90"
          >
            <span
              class="font-medium"
            >
              TC
            </span>
            <span
              class="rounded-lg border-0 bg-primary/10 px-2 py-1 font-bold text-primary backdrop-blur-sm dark:bg-primary/20"
            >
              #
              1978
            </span>
            <span
              class="ml-2 inline-flex items-center rounded-full px-2 py-0.5 text-[10px] font-bold backdrop-blur-sm transition-all duration-200 border border-primary bg-primary text-primary-foreground shadow-sm"
            >
              Rank 
              1
            </span>
          </div>
        </div>
        <svg
          aria-hidden="true"
          class="lucide lucide-shield-check h-5 w-5 text-primary drop-shadow-sm"
          fill="none"
          height="24"
          stroke="currentColor"
          stroke-linecap="round"
          stroke-linejoin="round"
          stroke-width="2"
          viewBox="0 0 24 24"
          width="24"
          xmlns="http://www.w3.org/2000/svg"
        >
          <path
            d="M20 13c0 5-3.5 7.5-7.66 8.95a1 1 0 0 1-.67-.01C7.5 20.5 4 18 4 13V6a1 1 0 0 1 1-1c2 0 4.5-1.2 6.24-2.72a1.17 1.17 0 0 1 1.52 0C14.51 3.81 17 5 19 5a1 1 0 0 1 1 1z"
          />
          <path
            d="m9 12 2 2 4-4"
          />
        </svg>
      </div>
    </th>
    <td
      class="p-3 align-middle font-sf-pro text-ios-callout relative h-16 min-w-[72px] px-2 py-2 text-center transition-all duration-200 shadow-[inset_0_-1px_0_rgba(148,163,184,0.16)] dark:shadow-[inset_0_-1px_0_rgba(15,23,42,0.55)]"
    >
      <div
        class="flex h-full w-full items-center justify-center"
        data-state="closed"
      >
        <div
          class="font-sf-pro duration-200 ease-ios focus-visible:outline-none focus-visible:ring-2 focus-visible:ring-ios-blue focus-visible:ring-offset-1 dark:bg-ios-red/20 dark:text-ios-red backdrop-blur-xl inline-flex min-w-[3rem] items-center justify-center gap-1 rounded-lg px-2 py-1 text-xs font-semibold uppercase tracking-tight transition-colors bg-emerald-100 ring-2 ring-destructive/70 text-destructive shadow-[0_0_0_1px_rgba(248,113,113,0.3)] border border-transparent"
        >
          <span>
            K
          </span>
          <svg
            aria-hidden="true"
            class="lucide lucide-crown h-3.5 w-3.5 text-amber-500"
            fill="none"
            height="24"
            stroke="currentColor"
            stroke-linecap="round"
            stroke-linejoin="round"
            stroke-width="2"
            viewBox="0 0 24 24"
            width="24"
            xmlns="http://www.w3.org/2000/svg"
          >
            <path
              d="M11.562 3.266a.5.5 0 0 1 .876 0L15.39 8.87a1 1 0 0 0 1.516.294L21.183 5.5a.5.5 0 0 1 .798.519l-2.834 10.246a1 1 0 0 1-.956.734H5.81a1 1 0 0 1-.957-.734L2.02 6.02a.5.5 0 0 1 .798-.519l4.276 3.664a1 1 0 0 0 1.516-.294z"
            />
            <path
              d="M5 21h14"
            />
          </svg>
        </div>
      </div>
    </td>
    <td
      class="p-3 align-middle font-sf-pro text-ios-callout relative h-16 min-w-[72px] px-2 py-2 text-center transition-all duration-200 shadow-[inset_0_-1px_0_rgba(148,163,184,0.16)] dark:shadow-[inset_0_-1px_0_rgba(15,23,42,0.55)]"
    >
      <div
        class="flex h-full w-full items-center justify-center"
        data-state="closed"
      >
        <div
          class="font-sf-pro duration-200 ease-ios focus-visible:outline-none focus-visible:ring-2 focus-visible:ring-ios-blue focus-visible:ring-offset-1 bg-gradient-to-br from-slate-900/95 via-slate-800/90 to-slate-900/95 text-slate-50 shadow-ios-sm backdrop-blur-xl inline-flex min-w-[3rem] items-center justify-center gap-1 rounded-lg px-2 py-1 text-xs font-semibold uppercase tracking-tight transition-colors border border-primary/60"
        >
          <span>
            Đ
          </span>
          <svg
            aria-hidden="true"
            class="lucide lucide-crown h-3.5 w-3.5 text-amber-500"
            fill="none"
            height="24"
            stroke="currentColor"
            stroke-linecap="round"
            stroke-linejoin="round"
            stroke-width="2"
            viewBox="0 0 24 24"
            width="24"
            xmlns="http://www.w3.org/2000/svg"
          >
            <path
              d="M11.562 3.266a.5.5 0 0 1 .876 0L15.39 8.87a1 1 0 0 0 1.516.294L21.183 5.5a.5.5 0 0 1 .798.519l-2.834 10.246a1 1 0 0 1-.956.734H5.81a1 1 0 0 1-.957-.734L2.02 6.02a.5.5 0 0 1 .798-.519l4.276 3.664a1 1 0 0 0 1.516-.294z"
            />
            <path
              d="M5 21h14"
            />
          </svg>
        </div>
      </div>
    </td>
  </tr>
</tbody>
`;
